Microchip MPLAB XC8 Compiler V2.20

Linker command line:

-W-3 --edf=C:\Program Files\Microchip\xc8\v2.20\pic\dat\en_msgs.txt \
  -pivt0x8=08h -cn -h+dist/default/production\uartfun.X.production.sym \
  --cmf=dist/default/production\uartfun.X.production.cmf -z -Q18F27K42 \
  -oC:\Users\grabi\AppData\Local\Temp\sg1k.2 --defsym=__MPLAB_BUILD=1 \
  -Mdist/default/production/uartfun.X.production.map -E1 -ver=XC8 Compiler \
  --acfsm=1493 -ASTACK=06Fh-01FFFh -pstack=STACK -ACODE=00h-01FFFFh \
  -ACONST=00h-01FFFFh -ASMALLCONST=02000h-020FFhx480 \
  -AMEDIUMCONST=02000h-0FFFFh,012000h-01FFFFh -ACOMRAM=01h-05Fh \
  -AABS1=00h-01FFFh -ABIGRAM=01h-01FFFh -ARAM=060h-0FFh,0100h-01FFhx31 \
  -ABANK0=060h-0FFh -ABANK1=0100h-01FFh -ABANK2=0200h-02FFh \
  -ABANK3=0300h-03FFh -ABANK4=0400h-04FFh -ABANK5=0500h-05FFh \
  -ABANK6=0600h-06FFh -ABANK7=0700h-07FFh -ABANK8=0800h-08FFh \
  -ABANK9=0900h-09FFh -ABANK10=0A00h-0AFFh -ABANK11=0B00h-0BFFh \
  -ABANK12=0C00h-0CFFh -ABANK13=0D00h-0DFFh -ABANK14=0E00h-0EFFh \
  -ABANK15=0F00h-0FFFh -ABANK16=01000h-010FFh -ABANK17=01100h-011FFh \
  -ABANK18=01200h-012FFh -ABANK19=01300h-013FFh -ABANK20=01400h-014FFh \
  -ABANK21=01500h-015FFh -ABANK22=01600h-016FFh -ABANK23=01700h-017FFh \
  -ABANK24=01800h-018FFh -ABANK25=01900h-019FFh -ABANK26=01A00h-01AFFh \
  -ABANK27=01B00h-01BFFh -ABANK28=01C00h-01CFFh -ABANK29=01D00h-01DFFh \
  -ABANK30=01E00h-01EFFh -ABANK31=01F00h-01FFFh \
  -ASFR=03800h-038FFhx7,03F00h-03F5Fh,03F60h-03FFFh \
  -ACONFIG=0300000h-0300009h -AIDLOC=0200000h-020000Fh -preset_vec=00h \
  -ppowerup=CODE,init -pramtop=02000h -psmallconst=SMALLCONST \
  -pmediumconst=MEDIUMCONST -pconst=CONST -AFARRAM=00h-00h \
  -AEEDATA=0310000h-03103FFh -peeprom_data=EEDATA \
  -prdata=COMRAM,nvrram=COMRAM,nvbit=COMRAM,rbss=COMRAM,rbit=COMRAM \
  -pfarbss=FARRAM,fardata=FARRAM,nvFARRAM=FARRAM \
  -pintsave_regs=BIGRAM,bigbss=BIGRAM,bigdata=BIGRAM -pbss=RAM \
  -pidata=CODE,irdata=CODE,ibigdata=CODE,ifardata=CODE -prparam=COMRAM \
  C:\Users\grabi\AppData\Local\Temp\sg1k.o \
  dist/default/production\uartfun.X.production.o 

Object code version is 3.11

Machine type is 18F27K42



                Name                               Link     Load   Length Selector   Space Scale
C:\Users\grabi\AppData\Local\Temp\sg1k.o
                idloc                            200000   200000       10        0       5
                config                           300000   300000        A        0       4
                init                                 AE       AE        4        4       0
                reset_vec                             0        0        4        0       0
dist/default/production\uartfun.X.production.o
                idloc                            200000   200000       10        0       5
                config                           300000   300000        A        0       4
                smallconst                         2000     2000       1E     1000       0
                ivt0x8                                8        8       A6        4       0
                text21                             201E     201E      1A0     100F       0
                text20                             27F6     27F6       22      9E1       0
                text19                             2720     2720       36     100F       0
                text18                             2784     2784       2C      9E1       0
                text17                             2856     2856       18      9E1       0
                text16                             2610     2610       58     100F       0
                text15                             27B0     27B0       24      9E1       0
                text14                             2756     2756       2C     100F       0
                text13                             286E     286E       12      9E1       0
                text12                             2884     2884        4      9E1       0
                text11                             27D4     27D4       22      9E1       0
                text10                             26EA     26EA       36     100F       0
                text9                              2478     2478       74     100F       0
                text8                              2550     2550       64     100F       0
                text7                              26B4     26B4       36     100F       0
                text6                              25B4     25B4       5C     100F       0
                text5                              23DA     23DA       9E     100F       0
                text4                              21BE     21BE      11C     100F       0
                text3                              2838     2838       1E      9E1       0
                text2                              2818     2818       20      9E1       0
                text1                              24EC     24EC       64     100F       0
                text0                              22DA     22DA      100     100F       0
                cstackCOMRAM                          1        1       31        1       1
                cstackBANK0                          69       69        6       60       1
                bssBANK0                             60       60        9       60       1
                dataCOMRAM                           4C       4C        4        1       1
                bssCOMRAM                            32       32       1A        1       1
                cinit                              2668     2668       4C     100F       0
                nvCOMRAM                             50       50        2        1       1
                idataCOMRAM                        2880     2880        4      9E1       0

TOTAL           Name                               Link     Load   Length     Space
        CLASS   STACK          

        CLASS   CODE           
                init                                 AE       AE        4         0
                reset_vec                             0        0        4         0
                ivt0x8                                8        8       A6         0
                text21                             201E     201E      1A0         0
                text20                             27F6     27F6       22         0
                text19                             2720     2720       36         0
                text18                             2784     2784       2C         0
                text17                             2856     2856       18         0
                text16                             2610     2610       58         0
                text15                             27B0     27B0       24         0
                text14                             2756     2756       2C         0
                text13                             286E     286E       12         0
                text12                             2884     2884        4         0
                text11                             27D4     27D4       22         0
                text10                             26EA     26EA       36         0
                text9                              2478     2478       74         0
                text8                              2550     2550       64         0
                text7                              26B4     26B4       36         0
                text6                              25B4     25B4       5C         0
                text5                              23DA     23DA       9E         0
                text4                              21BE     21BE      11C         0
                text3                              2838     2838       1E         0
                text2                              2818     2818       20         0
                text1                              24EC     24EC       64         0
                text0                              22DA     22DA      100         0
                cinit                              2668     2668       4C         0
                idataCOMRAM                        2880     2880        4         0

        CLASS   CONST          

        CLASS   SMALLCONST     
                smallconst                         2000     2000       1E         0

        CLASS   MEDIUMCONST    

        CLASS   COMRAM         
                cstackCOMRAM                          1        1       31         1
                dataCOMRAM                           4C       4C        4         1
                bssCOMRAM                            32       32       1A         1
                nvCOMRAM                             50       50        2         1

        CLASS   ABS1           

        CLASS   BIGRAM         

        CLASS   RAM            

        CLASS   BANK0          
                cstackBANK0                          69       69        6         1
                bssBANK0                             60       60        9         1

        CLASS   BANK1          

        CLASS   BANK2          

        CLASS   BANK3          

        CLASS   BANK4          

        CLASS   BANK5          

        CLASS   BANK6          

        CLASS   BANK7          

        CLASS   BANK8          

        CLASS   BANK9          

        CLASS   BANK10         

        CLASS   BANK11         

        CLASS   BANK12         

        CLASS   BANK13         

        CLASS   BANK14         

        CLASS   BANK15         

        CLASS   BANK16         

        CLASS   BANK17         

        CLASS   BANK18         

        CLASS   BANK19         

        CLASS   BANK20         

        CLASS   BANK21         

        CLASS   BANK22         

        CLASS   BANK23         

        CLASS   BANK24         

        CLASS   BANK25         

        CLASS   BANK26         

        CLASS   BANK27         

        CLASS   BANK28         

        CLASS   BANK29         

        CLASS   BANK30         

        CLASS   BANK31         

        CLASS   SFR            

        CLASS   CONFIG         
                config                           300000   300000        A         4

        CLASS   IDLOC          
                idloc                            200000   200000       10         5

        CLASS   FARRAM         

        CLASS   EEDATA         



SEGMENTS        Name                           Load    Length   Top    Selector   Space  Class

                reset_vec                      000000  000004  000004         0       0  CODE    
                cstackCOMRAM                   000001  000051  000052         1       1  COMRAM  
                ivt0x8                         000008  0000AA  0000B2         4       0  CODE    
                bssBANK0                       000060  00000F  00006F        60       1  BANK0   
                smallconst                     002000  00001E  00201E      1000       0  SMALLCON
                text21                         00201E  000764  002782      100F       0  CODE    
                text18                         002784  000104  002888       9E1       0  CODE    


UNUSED ADDRESS RANGES

        Name                Unused          Largest block    Delta
        BANK0            00006F-0000FF               91
        BANK1            000100-0001FF              100
        BANK10           000A00-000AFF              100
        BANK11           000B00-000BFF              100
        BANK12           000C00-000CFF              100
        BANK13           000D00-000DFF              100
        BANK14           000E00-000EFF              100
        BANK15           000F00-000FFF              100
        BANK16           001000-0010FF              100
        BANK17           001100-0011FF              100
        BANK18           001200-0012FF              100
        BANK19           001300-0013FF              100
        BANK2            000200-0002FF              100
        BANK20           001400-0014FF              100
        BANK21           001500-0015FF              100
        BANK22           001600-0016FF              100
        BANK23           001700-0017FF              100
        BANK24           001800-0018FF              100
        BANK25           001900-0019FF              100
        BANK26           001A00-001AFF              100
        BANK27           001B00-001BFF              100
        BANK28           001C00-001CFF              100
        BANK29           001D00-001DFF              100
        BANK3            000300-0003FF              100
        BANK30           001E00-001EFF              100
        BANK31           001F00-001FFF              100
        BANK4            000400-0004FF              100
        BANK5            000500-0005FF              100
        BANK6            000600-0006FF              100
        BANK7            000700-0007FF              100
        BANK8            000800-0008FF              100
        BANK9            000900-0009FF              100
        BIGRAM           000052-00005F                E
                         00006F-001FFF             1F91
        CODE             000004-000007                4
                         0000B2-001FFF             1F4E
                         002782-002783                2
                         002888-01FFFF            1D778
        COMRAM           000052-00005F                E
        CONST            000004-000007                4
                         0000B2-001FFF             1F4E
                         002782-002783                2
                         002888-01FFFF            1D778
        EEDATA           310000-3103FF              400
        MEDIUMCONST      002782-002783                2
                         002888-00FFFF             D778
                         012000-01FFFF             E000
        RAM              00006F-001FFF              100
        SFR              003800-003FFF              100
        SMALLCONST       002782-002783                2
                         002888-01FFFF              100
        STACK            00006F-001FFF             1F91

                                  Symbol Table

?_TMR0_ReadTimer                 cstackCOMRAM 00000E
?___lwdiv                        cstackCOMRAM 00000E
?___lwmod                        cstackCOMRAM 000015
?i2_TMR0_ReadTimer               cstackCOMRAM 000001
IVTBASEH                         (abs)        003FD6
IVTBASEL                         (abs)        003FD5
IVTBASEU                         (abs)        003FD7
TMR0_ReadTimer@readVal           cstackCOMRAM 000012
TMR0_ReadTimer@readValHigh       cstackCOMRAM 000015
TMR0_ReadTimer@readValLow        cstackCOMRAM 000014
U1RX_ISR@znak                    cstackCOMRAM 00000D
_ANSELA                          (abs)        003A40
_ANSELB                          (abs)        003A50
_ANSELBbits                      (abs)        003A50
_ANSELC                          (abs)        003A60
_ANSELCbits                      (abs)        003A60
_Handler                         bssCOMRAM    00003A
_INLVLA                          (abs)        003A44
_INLVLB                          (abs)        003A54
_INLVLC                          (abs)        003A64
_INLVLE                          (abs)        003A84
_INTCON0bits                     (abs)        003FD2
_LATA                            (abs)        003FBA
_LATB                            (abs)        003FBB
_LATBbits                        (abs)        003FBB
_LATC                            (abs)        003FBC
_LATCbits                        (abs)        003FBC
_ODCONA                          (abs)        003A42
_ODCONB                          (abs)        003A52
_ODCONC                          (abs)        003A62
_OSCCON1                         (abs)        0039D9
_OSCCON3                         (abs)        0039DB
_OSCEN                           (abs)        0039DD
_OSCFRQ                          (abs)        0039DF
_OSCILLATOR_Initialize           text17       002856
_OSCTUNE                         (abs)        0039DE
_PIE3bits                        (abs)        003993
_PIN_MANAGER_Initialize          text16       002610
_PIR3bits                        (abs)        0039A3
_PMD0                            (abs)        0039C0
_PMD1                            (abs)        0039C1
_PMD2                            (abs)        0039C2
_PMD3                            (abs)        0039C3
_PMD4                            (abs)        0039C4
_PMD5                            (abs)        0039C5
_PMD6                            (abs)        0039C6
_PMD7                            (abs)        0039C7
_PMD_Initialize                  text15       0027B0
_RB1I2C                          (abs)        003A5A
_RB2I2C                          (abs)        003A5B
_RB2PPS                          (abs)        003A0A
_RC3I2C                          (abs)        003A6A
_RC4I2C                          (abs)        003A6B
_RC6PPS                          (abs)        003A16
_SLRCONA                         (abs)        003A43
_SLRCONB                         (abs)        003A53
_SLRCONC                         (abs)        003A63
_SYSTEM_Initialize               text13       00286E
_T0CON0                          (abs)        003FB8
_T0CON0bits                      (abs)        003FB8
_T0CON1                          (abs)        003FB9
_TMR0H                           (abs)        003FB7
_TMR0L                           (abs)        003FB6
_TMR0_Initialize                 text14       002756
_TMR0_ReadTimer                  text11       0027D4
_TMR0_StartTimer                 text12       002884
_TRISA                           (abs)        003FC2
_TRISB                           (abs)        003FC3
_TRISBbits                       (abs)        003FC3
_TRISC                           (abs)        003FC4
_TRISCbits                       (abs)        003FC4
_U1BRGH                          (abs)        003DF6
_U1BRGL                          (abs)        003DF5
_U1CON0bits                      (abs)        003DF2
_U1CON1bits                      (abs)        003DF3
_U1CON2bits                      (abs)        003DF4
_U1CTSPPS                        (abs)        003AE6
_U1RXB                           (abs)        003DE8
_U1RXIF                          (abs)        01CD1B
_U1RXPPS                         (abs)        003AE5
_U1RX_ISR                        text18       002784
_U1TXB                           (abs)        003DEA
_U1TXIF                          (abs)        01CD1C
_WPUA                            (abs)        003A41
_WPUB                            (abs)        003A51
_WPUC                            (abs)        003A61
_WPUE                            (abs)        003A81
__HRAM                           (abs)        000000
__Habs1                          abs1         000000
__Hbank0                         bank0        000000
__Hbank1                         bank1        000000
__Hbank10                        bank10       000000
__Hbank11                        bank11       000000
__Hbank12                        bank12       000000
__Hbank13                        bank13       000000
__Hbank14                        bank14       000000
__Hbank15                        bank15       000000
__Hbank16                        bank16       000000
__Hbank17                        bank17       000000
__Hbank18                        bank18       000000
__Hbank19                        bank19       000000
__Hbank2                         bank2        000000
__Hbank20                        bank20       000000
__Hbank21                        bank21       000000
__Hbank22                        bank22       000000
__Hbank23                        bank23       000000
__Hbank24                        bank24       000000
__Hbank25                        bank25       000000
__Hbank26                        bank26       000000
__Hbank27                        bank27       000000
__Hbank28                        bank28       000000
__Hbank29                        bank29       000000
__Hbank3                         bank3        000000
__Hbank30                        bank30       000000
__Hbank31                        bank31       000000
__Hbank4                         bank4        000000
__Hbank5                         bank5        000000
__Hbank6                         bank6        000000
__Hbank7                         bank7        000000
__Hbank8                         bank8        000000
__Hbank9                         bank9        000000
__Hbigbss                        bigbss       000000
__Hbigdata                       bigdata      000000
__Hbigram                        bigram       000000
__Hbss                           bss          000000
__HbssBANK0                      bssBANK0     000000
__HbssCOMRAM                     bssCOMRAM    000000
__Hcinit                         cinit        000000
__Hclrtext                       clrtext      000000
__Hcomram                        comram       000000
__Hconfig                        config       30000A
__Hconst                         const        000000
__HcstackBANK0                   cstackBANK0  000000
__HcstackCOMRAM                  cstackCOMRAM 000000
__Hdata                          data         000000
__HdataCOMRAM                    dataCOMRAM   000000
__Heeprom_data                   eeprom_data  000000
__Hfarbss                        farbss       000000
__Hfardata                       fardata      000000
__Hibigdata                      ibigdata     000000
__Hidata                         idata        000000
__HidataCOMRAM                   idataCOMRAM  000000
__Hidloc                         idloc        200010
__Hifardata                      ifardata     000000
__Hinit                          init         0000B2
__Hintsave_regs                  intsave_regs 000000
__Hirdata                        irdata       000000
__Hivt0x8                        ivt0x8       0000AE
__Hmediumconst                   mediumconst  000000
__HnvCOMRAM                      nvCOMRAM     000000
__HnvFARRAM                      nvFARRAM     000000
__Hnvbit                         nvbit        000000
__Hnvrram                        nvrram       000000
__Hparam                         rparam       000000
__Hpowerup                       powerup      000000
__Hram                           ram          000000
__Hramtop                        ramtop       002000
__Hrbit                          rbit         000000
__Hrbss                          rbss         000000
__Hrdata                         rdata        000000
__Hreset_vec                     reset_vec    000004
__Hrparam                        rparam       000000
__Hsfr                           sfr          000000
__Hsmallconst                    smallconst   00201E
__Hspace_0                       (abs)        002888
__Hspace_1                       (abs)        00006F
__Hspace_2                       (abs)        000000
__Hspace_4                       (abs)        60000A
__Hstack                         stack        000000
__Hstruct                        struct       000000
__Htemp                          temp         000000
__Htext                          text         000000
__Htext0                         text0        000000
__Htext1                         text1        000000
__Htext10                        text10       000000
__Htext11                        text11       000000
__Htext12                        text12       000000
__Htext13                        text13       000000
__Htext14                        text14       000000
__Htext15                        text15       000000
__Htext16                        text16       000000
__Htext17                        text17       000000
__Htext18                        text18       000000
__Htext19                        text19       000000
__Htext2                         text2        000000
__Htext20                        text20       000000
__Htext21                        text21       000000
__Htext3                         text3        000000
__Htext4                         text4        000000
__Htext5                         text5        000000
__Htext6                         text6        000000
__Htext7                         text7        000000
__Htext8                         text8        000000
__Htext9                         text9        000000
__LRAM                           (abs)        000001
__Labs1                          abs1         000000
__Lbank0                         bank0        000000
__Lbank1                         bank1        000000
__Lbank10                        bank10       000000
__Lbank11                        bank11       000000
__Lbank12                        bank12       000000
__Lbank13                        bank13       000000
__Lbank14                        bank14       000000
__Lbank15                        bank15       000000
__Lbank16                        bank16       000000
__Lbank17                        bank17       000000
__Lbank18                        bank18       000000
__Lbank19                        bank19       000000
__Lbank2                         bank2        000000
__Lbank20                        bank20       000000
__Lbank21                        bank21       000000
__Lbank22                        bank22       000000
__Lbank23                        bank23       000000
__Lbank24                        bank24       000000
__Lbank25                        bank25       000000
__Lbank26                        bank26       000000
__Lbank27                        bank27       000000
__Lbank28                        bank28       000000
__Lbank29                        bank29       000000
__Lbank3                         bank3        000000
__Lbank30                        bank30       000000
__Lbank31                        bank31       000000
__Lbank4                         bank4        000000
__Lbank5                         bank5        000000
__Lbank6                         bank6        000000
__Lbank7                         bank7        000000
__Lbank8                         bank8        000000
__Lbank9                         bank9        000000
__Lbigbss                        bigbss       000000
__Lbigdata                       bigdata      000000
__Lbigram                        bigram       000000
__Lbss                           bss          000000
__LbssBANK0                      bssBANK0     000000
__LbssCOMRAM                     bssCOMRAM    000000
__Lcinit                         cinit        000000
__Lclrtext                       clrtext      000000
__Lcomram                        comram       000000
__Lconfig                        config       000000
__Lconst                         const        000000
__LcstackBANK0                   cstackBANK0  000000
__LcstackCOMRAM                  cstackCOMRAM 000000
__Ldata                          data         000000
__LdataCOMRAM                    dataCOMRAM   000000
__Leeprom_data                   eeprom_data  000000
__Lfarbss                        farbss       000000
__Lfardata                       fardata      000000
__Libigdata                      ibigdata     000000
__Lidata                         idata        000000
__LidataCOMRAM                   idataCOMRAM  000000
__Lidloc                         idloc        000000
__Lifardata                      ifardata     000000
__Linit                          init         0000AE
__Lintsave_regs                  intsave_regs 000000
__Lirdata                        irdata       000000
__Livt0x8                        ivt0x8       000008
__Lmediumconst                   mediumconst  000000
__LnvCOMRAM                      nvCOMRAM     000000
__LnvFARRAM                      nvFARRAM     000000
__Lnvbit                         nvbit        000000
__Lnvrram                        nvrram       000000
__Lparam                         rparam       000000
__Lpowerup                       powerup      000000
__Lram                           ram          000000
__Lramtop                        ramtop       002000
__Lrbit                          rbit         000000
__Lrbss                          rbss         000000
__Lrdata                         rdata        000000
__Lreset_vec                     reset_vec    000000
__Lrparam                        rparam       000000
__Lsfr                           sfr          000000
__Lsmallconst                    smallconst   002000
__Lspace_0                       (abs)        000000
__Lspace_1                       (abs)        000000
__Lspace_2                       (abs)        000000
__Lspace_4                       (abs)        000000
__Lstack                         stack        000000
__Lstruct                        struct       000000
__Ltemp                          temp         000000
__Ltext                          text         000000
__Ltext0                         text0        000000
__Ltext1                         text1        000000
__Ltext10                        text10       000000
__Ltext11                        text11       000000
__Ltext12                        text12       000000
__Ltext13                        text13       000000
__Ltext14                        text14       000000
__Ltext15                        text15       000000
__Ltext16                        text16       000000
__Ltext17                        text17       000000
__Ltext18                        text18       000000
__Ltext19                        text19       000000
__Ltext2                         text2        000000
__Ltext20                        text20       000000
__Ltext21                        text21       000000
__Ltext3                         text3        000000
__Ltext4                         text4        000000
__Ltext5                         text5        000000
__Ltext6                         text6        000000
__Ltext7                         text7        000000
__Ltext8                         text8        000000
__Ltext9                         text9        000000
__S0                             (abs)        002888
__S1                             (abs)        00006F
__S2                             (abs)        000000
__S4                             (abs)        000000
__S5                             (abs)        000000
___inthi_sp                      stack        000000
___intlo_sp                      stack        000000
___lwdiv                         text9        002478
___lwdiv@counter                 cstackCOMRAM 000012
___lwdiv@dividend                cstackCOMRAM 00000E
___lwdiv@divisor                 cstackCOMRAM 000010
___lwdiv@quotient                cstackCOMRAM 000013
___lwmod                         text8        002550
___lwmod@counter                 cstackCOMRAM 000019
___lwmod@dividend                cstackCOMRAM 000015
___lwmod@divisor                 cstackCOMRAM 000017
___param_bank                    (abs)        000000
___rparam_used                   (abs)        000001
___sp                            stack        000000
__accesstop                      (abs)        000060
__activetblptr                   (abs)        000003
__end_of_OSCILLATOR_Initialize   text17       00286E
__end_of_PIN_MANAGER_Initialize  text16       002668
__end_of_PMD_Initialize          text15       0027D4
__end_of_SYSTEM_Initialize       text13       002880
__end_of_TMR0_Initialize         text14       002782
__end_of_TMR0_ReadTimer          text11       0027F6
__end_of_TMR0_StartTimer         text12       002888
__end_of_U1RX_ISR                text18       0027B0
__end_of___lwdiv                 text9        0024EC
__end_of___lwmod                 text8        0025B4
__end_of__initialization         cinit        0026AE
__end_of_delay_is_expired        text6        002610
__end_of_delay_start             text10       002720
__end_of_get_digit               text7        0026EA
__end_of_handlers                smallconst   002015
__end_of_main                    text0        0023DA
__end_of_prints                  text5        002478
__end_of_send_answer             text4        0022DA
__end_of_send_request            text3        002856
__end_of_state_is_frame_ready    text2        002838
__end_of_state_reset             text1        002550
__end_of_state_rx_byte           text21       0021BE
__end_ofi2_TMR0_ReadTimer        text20       002818
__end_ofi2_delay_start           text19       002756
__initialization                 cinit        002668
__mediumconst                    mediumconst  000000
__pbssBANK0                      bssBANK0     000060
__pbssCOMRAM                     bssCOMRAM    000032
__pcinit                         cinit        002668
__pcstackBANK0                   cstackBANK0  000069
__pcstackCOMRAM                  cstackCOMRAM 000001
__pdataCOMRAM                    dataCOMRAM   00004C
__pidataCOMRAM                   idataCOMRAM  002880
__pivt0x8                        ivt0x8       000008
__pnvCOMRAM                      nvCOMRAM     000050
__psmallconst                    smallconst   002000
__ptext0                         text0        0022DA
__ptext1                         text1        0024EC
__ptext10                        text10       0026EA
__ptext11                        text11       0027D4
__ptext12                        text12       002884
__ptext13                        text13       00286E
__ptext14                        text14       002756
__ptext15                        text15       0027B0
__ptext16                        text16       002610
__ptext17                        text17       002856
__ptext18                        text18       002784
__ptext19                        text19       002720
__ptext2                         text2        002818
__ptext20                        text20       0027F6
__ptext21                        text21       00201E
__ptext3                         text3        002838
__ptext4                         text4        0021BE
__ptext5                         text5        0023DA
__ptext6                         text6        0025B4
__ptext7                         text7        0026B4
__ptext8                         text8        002550
__ptext9                         text9        002478
__ramtop                         ramtop       002000
__size_of_OSCILLATOR_Initialize  (abs)        000000
__size_of_PIN_MANAGER_Initialize (abs)        000000
__size_of_PMD_Initialize         (abs)        000000
__size_of_SYSTEM_Initialize      (abs)        000000
__size_of_TMR0_Initialize        (abs)        000000
__size_of_TMR0_ReadTimer         (abs)        000000
__size_of_TMR0_StartTimer        (abs)        000000
__size_of_U1RX_ISR               (abs)        000000
__size_of___lwdiv                (abs)        000000
__size_of___lwmod                (abs)        000000
__size_of_delay_is_expired       (abs)        000000
__size_of_delay_start            (abs)        000000
__size_of_get_digit              (abs)        000000
__size_of_main                   (abs)        000000
__size_of_prints                 (abs)        000000
__size_of_send_answer            (abs)        000000
__size_of_send_request           (abs)        000000
__size_of_state_is_frame_ready   (abs)        000000
__size_of_state_reset            (abs)        000000
__size_of_state_rx_byte          (abs)        000000
__size_ofi2_TMR0_ReadTimer       (abs)        000000
__size_ofi2_delay_start          (abs)        000000
__smallconst                     smallconst   002000
_delay                           bssCOMRAM    000048
_delay_is_expired                text6        0025B4
_delay_start                     text10       0026EA
_get_digit                       text7        0026B4
_handler_command_a               (abs)        000000
_handler_command_b               (abs)        000000
_handler_command_d               (abs)        000000
_handler_command_s               (abs)        000000
_handlers                        smallconst   002001
_main                            text0        0022DA
_prints                          text5        0023DA
_rx_state                        bssCOMRAM    00003E
_send_answer                     text4        0021BE
_send_request                    text3        002838
_state_is_frame_ready            text2        002818
_state_reset                     text1        0024EC
_state_rx_byte                   text21       00201E
_timer0ReloadVal16bit            nvCOMRAM     000050
delay_is_expired@delay           cstackCOMRAM 000016
delay_is_expired@now             cstackCOMRAM 00001E
delay_start@delay                cstackCOMRAM 000016
delay_start@value                cstackCOMRAM 000018
end_of_initialization            cinit        0026AE
get_digit@ch                     cstackCOMRAM 00000F
get_digit@digit                  cstackCOMRAM 00000E
i2TMR0_ReadTimer@readVal         cstackCOMRAM 000005
i2TMR0_ReadTimer@readValHigh     cstackCOMRAM 000008
i2TMR0_ReadTimer@readValLow      cstackCOMRAM 000007
i2_TMR0_ReadTimer                text20       0027F6
i2_delay_start                   text19       002720
i2delay_start@delay              cstackCOMRAM 000009
i2delay_start@value              cstackCOMRAM 00000B
intlevel0                        text         000000
intlevel1                        text         000000
intlevel2                        text         000000
intlevel3                        text         000000
ivt0x8_base                      ivt0x8       000008
ivt0x8_undefint                  ivt0x8       0000AC
main@timeout                     cstackBANK0  00006B
prints@str                       cstackCOMRAM 000020
send_answer@cmd                  cstackCOMRAM 000025
send_answer@num                  cstackCOMRAM 00002E
send_answer@st                   cstackCOMRAM 000022
send_request@F15375              dataCOMRAM   00004C
send_request@cmd                 cstackCOMRAM 000024
send_request@st                  cstackCOMRAM 000022
stackhi                          (abs)        001FFF
stacklo                          (abs)        00006F
start                            init         0000AE
start_initialization             cinit        002668
state_is_frame_ready@st          cstackCOMRAM 00000E
state_reset@i                    cstackCOMRAM 000012
state_reset@st                   cstackCOMRAM 00000E
state_rx_byte@ch                 cstackCOMRAM 000003
state_rx_byte@st                 cstackCOMRAM 000001


FUNCTION INFORMATION:

 *************** function _main *****************
 Defined at:
		line 283 in file "main.c"
 Parameters:    Size  Location     Type
		None
 Auto vars:     Size  Location     Type
  timeout         4    2[BANK0 ] struct .
  cnt             2    0        unsigned short 
 Return value:  Size  Location     Type
                  1    wreg      void 
 Registers used:
		wreg, fsr1l, fsr1h, fsr2l, fsr2h, status,2, status,0, tblptrl, tblptrh, tblptru, prodl, prodh, cstack
 Tracked objects:
		On entry : 
		On exit  : 
		Unchanged: 
 Data sizes:     COMRAM   BANK0   BANK1   BANK2   BANK3   BANK4   BANK5   BANK6   BANK7   BANK8   BANK9  BANK10  BANK11  BANK12  BANK13  BANK14  BANK15  BANK16  BANK17  BANK18  BANK19  BANK20  BANK21  BANK22  BANK23  BANK24  BANK25  BANK26  BANK27  BANK28  BANK29  BANK30  BANK31
      Params:         0       0       0       0       0       0       0       0       0       0       0       0       0       0       0       0       0       0       0       0       0       0       0       0       0       0       0       0       0       0       0       0       0
      Locals:         0       6       0       0       0       0       0       0       0       0       0       0       0       0       0       0       0       0       0       0       0       0       0       0       0       0       0       0       0       0       0       0       0
      Temps:          2       0       0       0       0       0       0       0       0       0       0       0       0       0       0       0       0       0       0       0       0       0       0       0       0       0       0       0       0       0       0       0       0
      Totals:         2       6       0       0       0       0       0       0       0       0       0       0       0       0       0       0       0       0       0       0       0       0       0       0       0       0       0       0       0       0       0       0       0
Total ram usage:        8 bytes
 Hardware stack levels required when called:    7
 This function calls:
		_SYSTEM_Initialize
		_TMR0_StartTimer
		_delay_is_expired
		_delay_start
		_send_answer
		_send_request
		_state_is_frame_ready
		_state_reset
 This function is called by:
		Startup code after reset
 This function uses a non-reentrant model


 *************** function _state_reset *****************
 Defined at:
		line 32 in file "state_machine.c"
 Parameters:    Size  Location     Type
  st              2   13[COMRAM] PTR volatile struct stat
		 -> rx_state(10), 
 Auto vars:     Size  Location     Type
  i               2   17[COMRAM] int 
 Return value:  Size  Location     Type
                  1    wreg      void 
 Registers used:
		wreg, fsr2l, fsr2h, status,2, status,0
 Tracked objects:
		On entry : 
		On exit  : 
		Unchanged: 
 Data sizes:     COMRAM   BANK0   BANK1   BANK2   BANK3   BANK4   BANK5   BANK6   BANK7   BANK8   BANK9  BANK10  BANK11  BANK12  BANK13  BANK14  BANK15  BANK16  BANK17  BANK18  BANK19  BANK20  BANK21  BANK22  BANK23  BANK24  BANK25  BANK26  BANK27  BANK28  BANK29  BANK30  BANK31
      Params:         2       0       0       0       0       0       0       0       0       0       0       0       0       0       0       0       0       0       0       0       0       0       0       0       0       0       0       0       0       0       0       0       0
      Locals:         2       0       0       0       0       0       0       0       0       0       0       0       0       0       0       0       0       0       0       0       0       0       0       0       0       0       0       0       0       0       0       0       0
      Temps:          2       0       0       0       0       0       0       0       0       0       0       0       0       0       0       0       0       0       0       0       0       0       0       0       0       0       0       0       0       0       0       0       0
      Totals:         6       0       0       0       0       0       0       0       0       0       0       0       0       0       0       0       0       0       0       0       0       0       0       0       0       0       0       0       0       0       0       0       0
Total ram usage:        6 bytes
 Hardware stack levels used:    1
 Hardware stack levels required when called:    3
 This function calls:
		Nothing
 This function is called by:
		_main
 This function uses a non-reentrant model


 *************** function _state_is_frame_ready *****************
 Defined at:
		line 40 in file "state_machine.c"
 Parameters:    Size  Location     Type
  st              2   13[COMRAM] PTR volatile struct stat
		 -> rx_state(10), 
 Auto vars:     Size  Location     Type
		None
 Return value:  Size  Location     Type
                  1    wreg      _Bool 
 Registers used:
		wreg, fsr2l, fsr2h, status,2, status,0
 Tracked objects:
		On entry : 
		On exit  : 
		Unchanged: 
 Data sizes:     COMRAM   BANK0   BANK1   BANK2   BANK3   BANK4   BANK5   BANK6   BANK7   BANK8   BANK9  BANK10  BANK11  BANK12  BANK13  BANK14  BANK15  BANK16  BANK17  BANK18  BANK19  BANK20  BANK21  BANK22  BANK23  BANK24  BANK25  BANK26  BANK27  BANK28  BANK29  BANK30  BANK31
      Params:         2       0       0       0       0       0       0       0       0       0       0       0       0       0       0       0       0       0       0       0       0       0       0       0       0       0       0       0       0       0       0       0       0
      Locals:         0       0       0       0       0       0       0       0       0       0       0       0       0       0       0       0       0       0       0       0       0       0       0       0       0       0       0       0       0       0       0       0       0
      Temps:          0       0       0       0       0       0       0       0       0       0       0       0       0       0       0       0       0       0       0       0       0       0       0       0       0       0       0       0       0       0       0       0       0
      Totals:         2       0       0       0       0       0       0       0       0       0       0       0       0       0       0       0       0       0       0       0       0       0       0       0       0       0       0       0       0       0       0       0       0
Total ram usage:        2 bytes
 Hardware stack levels used:    1
 Hardware stack levels required when called:    3
 This function calls:
		Nothing
 This function is called by:
		_main
 This function uses a non-reentrant model


 *************** function _send_request *****************
 Defined at:
		line 135 in file "main.c"
 Parameters:    Size  Location     Type
  st              2   33[COMRAM] PTR volatile struct stat
		 -> rx_state(10), 
 Auto vars:     Size  Location     Type
  cmd             4   35[COMRAM] unsigned char [4]
 Return value:  Size  Location     Type
                  1    wreg      void 
 Registers used:
		wreg, fsr1l, fsr1h, fsr2l, fsr2h, status,2, status,0, tblptrl, tblptrh, tblptru, cstack
 Tracked objects:
		On entry : 
		On exit  : 
		Unchanged: 
 Data sizes:     COMRAM   BANK0   BANK1   BANK2   BANK3   BANK4   BANK5   BANK6   BANK7   BANK8   BANK9  BANK10  BANK11  BANK12  BANK13  BANK14  BANK15  BANK16  BANK17  BANK18  BANK19  BANK20  BANK21  BANK22  BANK23  BANK24  BANK25  BANK26  BANK27  BANK28  BANK29  BANK30  BANK31
      Params:         2       0       0       0       0       0       0       0       0       0       0       0       0       0       0       0       0       0       0       0       0       0       0       0       0       0       0       0       0       0       0       0       0
      Locals:         4       0       0       0       0       0       0       0       0       0       0       0       0       0       0       0       0       0       0       0       0       0       0       0       0       0       0       0       0       0       0       0       0
      Temps:          0       0       0       0       0       0       0       0       0       0       0       0       0       0       0       0       0       0       0       0       0       0       0       0       0       0       0       0       0       0       0       0       0
      Totals:         6       0       0       0       0       0       0       0       0       0       0       0       0       0       0       0       0       0       0       0       0       0       0       0       0       0       0       0       0       0       0       0       0
Total ram usage:        6 bytes
 Hardware stack levels used:    1
 Hardware stack levels required when called:    6
 This function calls:
		_prints
 This function is called by:
		_main
 This function uses a non-reentrant model


 *************** function _send_answer *****************
 Defined at:
		line 140 in file "main.c"
 Parameters:    Size  Location     Type
  st              2   33[COMRAM] PTR volatile struct stat
		 -> rx_state(10), 
 Auto vars:     Size  Location     Type
  cmd             9   36[COMRAM] unsigned char [9]
  num             2   45[COMRAM] unsigned short 
 Return value:  Size  Location     Type
                  1    wreg      void 
 Registers used:
		wreg, fsr1l, fsr1h, fsr2l, fsr2h, status,2, status,0, tblptrl, tblptrh, tblptru, prodl, prodh, cstack
 Tracked objects:
		On entry : 
		On exit  : 
		Unchanged: 
 Data sizes:     COMRAM   BANK0   BANK1   BANK2   BANK3   BANK4   BANK5   BANK6   BANK7   BANK8   BANK9  BANK10  BANK11  BANK12  BANK13  BANK14  BANK15  BANK16  BANK17  BANK18  BANK19  BANK20  BANK21  BANK22  BANK23  BANK24  BANK25  BANK26  BANK27  BANK28  BANK29  BANK30  BANK31
      Params:         2       0       0       0       0       0       0       0       0       0       0       0       0       0       0       0       0       0       0       0       0       0       0       0       0       0       0       0       0       0       0       0       0
      Locals:        11       0       0       0       0       0       0       0       0       0       0       0       0       0       0       0       0       0       0       0       0       0       0       0       0       0       0       0       0       0       0       0       0
      Temps:          1       0       0       0       0       0       0       0       0       0       0       0       0       0       0       0       0       0       0       0       0       0       0       0       0       0       0       0       0       0       0       0       0
      Totals:        14       0       0       0       0       0       0       0       0       0       0       0       0       0       0       0       0       0       0       0       0       0       0       0       0       0       0       0       0       0       0       0       0
Total ram usage:       14 bytes
 Hardware stack levels used:    1
 Hardware stack levels required when called:    6
 This function calls:
		___lwdiv
		___lwmod
		_get_digit
		_prints
 This function is called by:
		_main
 This function uses a non-reentrant model


 *************** function _prints *****************
 Defined at:
		line 111 in file "main.c"
 Parameters:    Size  Location     Type
  str             2   31[COMRAM] PTR const unsigned char 
		 -> printnum@frm(8), STR_4(2), STR_3(2), STR_2(2), 
		 -> STR_1(2), send_answer@cmd(9), send_request@cmd(4), 
 Auto vars:     Size  Location     Type
		None
 Return value:  Size  Location     Type
                  1    wreg      void 
 Registers used:
		wreg, fsr1l, fsr1h, fsr2l, fsr2h, status,2, status,0, tblptrl, tblptrh, tblptru, cstack
 Tracked objects:
		On entry : 
		On exit  : 
		Unchanged: 
 Data sizes:     COMRAM   BANK0   BANK1   BANK2   BANK3   BANK4   BANK5   BANK6   BANK7   BANK8   BANK9  BANK10  BANK11  BANK12  BANK13  BANK14  BANK15  BANK16  BANK17  BANK18  BANK19  BANK20  BANK21  BANK22  BANK23  BANK24  BANK25  BANK26  BANK27  BANK28  BANK29  BANK30  BANK31
      Params:         2       0       0       0       0       0       0       0       0       0       0       0       0       0       0       0       0       0       0       0       0       0       0       0       0       0       0       0       0       0       0       0       0
      Locals:         0       0       0       0       0       0       0       0       0       0       0       0       0       0       0       0       0       0       0       0       0       0       0       0       0       0       0       0       0       0       0       0       0
      Temps:          0       0       0       0       0       0       0       0       0       0       0       0       0       0       0       0       0       0       0       0       0       0       0       0       0       0       0       0       0       0       0       0       0
      Totals:         2       0       0       0       0       0       0       0       0       0       0       0       0       0       0       0       0       0       0       0       0       0       0       0       0       0       0       0       0       0       0       0       0
Total ram usage:        2 bytes
 Hardware stack levels used:    1
 Hardware stack levels required when called:    5
 This function calls:
		_delay_is_expired
 This function is called by:
		_send_request
		_send_answer
		_handler_command_a
		_handler_command_s
		_handler_command_b
		_handler_command_d
		_printnum
 This function uses a non-reentrant model


 *************** function _delay_is_expired *****************
 Defined at:
		line 89 in file "main.c"
 Parameters:    Size  Location     Type
  delay           2   21[COMRAM] PTR struct .
		 -> main@timeout(4), delay(4), 
 Auto vars:     Size  Location     Type
  now             2   29[COMRAM] unsigned short 
 Return value:  Size  Location     Type
                  1    wreg      unsigned char 
 Registers used:
		wreg, fsr1l, fsr1h, fsr2l, fsr2h, status,2, status,0, cstack
 Tracked objects:
		On entry : 
		On exit  : 
		Unchanged: 
 Data sizes:     COMRAM   BANK0   BANK1   BANK2   BANK3   BANK4   BANK5   BANK6   BANK7   BANK8   BANK9  BANK10  BANK11  BANK12  BANK13  BANK14  BANK15  BANK16  BANK17  BANK18  BANK19  BANK20  BANK21  BANK22  BANK23  BANK24  BANK25  BANK26  BANK27  BANK28  BANK29  BANK30  BANK31
      Params:         2       0       0       0       0       0       0       0       0       0       0       0       0       0       0       0       0       0       0       0       0       0       0       0       0       0       0       0       0       0       0       0       0
      Locals:         2       0       0       0       0       0       0       0       0       0       0       0       0       0       0       0       0       0       0       0       0       0       0       0       0       0       0       0       0       0       0       0       0
      Temps:          6       0       0       0       0       0       0       0       0       0       0       0       0       0       0       0       0       0       0       0       0       0       0       0       0       0       0       0       0       0       0       0       0
      Totals:        10       0       0       0       0       0       0       0       0       0       0       0       0       0       0       0       0       0       0       0       0       0       0       0       0       0       0       0       0       0       0       0       0
Total ram usage:       10 bytes
 Hardware stack levels used:    1
 Hardware stack levels required when called:    4
 This function calls:
		_TMR0_ReadTimer
 This function is called by:
		_prints
		_main
		_delay_check_and_restart_interval
 This function uses a non-reentrant model


 *************** function _get_digit *****************
 Defined at:
		line 123 in file "main.c"
 Parameters:    Size  Location     Type
  ch              1    wreg     unsigned char 
 Auto vars:     Size  Location     Type
  ch              1   14[COMRAM] unsigned char 
  digit           1   13[COMRAM] unsigned char 
 Return value:  Size  Location     Type
                  1    wreg      unsigned char 
 Registers used:
		wreg, status,2, status,0
 Tracked objects:
		On entry : 
		On exit  : 
		Unchanged: 
 Data sizes:     COMRAM   BANK0   BANK1   BANK2   BANK3   BANK4   BANK5   BANK6   BANK7   BANK8   BANK9  BANK10  BANK11  BANK12  BANK13  BANK14  BANK15  BANK16  BANK17  BANK18  BANK19  BANK20  BANK21  BANK22  BANK23  BANK24  BANK25  BANK26  BANK27  BANK28  BANK29  BANK30  BANK31
      Params:         0       0       0       0       0       0       0       0       0       0       0       0       0       0       0       0       0       0       0       0       0       0       0       0       0       0       0       0       0       0       0       0       0
      Locals:         2       0       0       0       0       0       0       0       0       0       0       0       0       0       0       0       0       0       0       0       0       0       0       0       0       0       0       0       0       0       0       0       0
      Temps:          0       0       0       0       0       0       0       0       0       0       0       0       0       0       0       0       0       0       0       0       0       0       0       0       0       0       0       0       0       0       0       0       0
      Totals:         2       0       0       0       0       0       0       0       0       0       0       0       0       0       0       0       0       0       0       0       0       0       0       0       0       0       0       0       0       0       0       0       0
Total ram usage:        2 bytes
 Hardware stack levels used:    1
 Hardware stack levels required when called:    3
 This function calls:
		Nothing
 This function is called by:
		_send_answer
 This function uses a non-reentrant model


 *************** function ___lwmod *****************
 Defined at:
		line 7 in file "C:\Program Files\Microchip\xc8\v2.20\pic\sources\c99\common\lwmod.c"
 Parameters:    Size  Location     Type
  dividend        2   20[COMRAM] unsigned int 
  divisor         2   22[COMRAM] unsigned int 
 Auto vars:     Size  Location     Type
  counter         1   24[COMRAM] unsigned char 
 Return value:  Size  Location     Type
                  2   20[COMRAM] unsigned int 
 Registers used:
		wreg, status,2, status,0
 Tracked objects:
		On entry : 
		On exit  : 
		Unchanged: 
 Data sizes:     COMRAM   BANK0   BANK1   BANK2   BANK3   BANK4   BANK5   BANK6   BANK7   BANK8   BANK9  BANK10  BANK11  BANK12  BANK13  BANK14  BANK15  BANK16  BANK17  BANK18  BANK19  BANK20  BANK21  BANK22  BANK23  BANK24  BANK25  BANK26  BANK27  BANK28  BANK29  BANK30  BANK31
      Params:         4       0       0       0       0       0       0       0       0       0       0       0       0       0       0       0       0       0       0       0       0       0       0       0       0       0       0       0       0       0       0       0       0
      Locals:         1       0       0       0       0       0       0       0       0       0       0       0       0       0       0       0       0       0       0       0       0       0       0       0       0       0       0       0       0       0       0       0       0
      Temps:          0       0       0       0       0       0       0       0       0       0       0       0       0       0       0       0       0       0       0       0       0       0       0       0       0       0       0       0       0       0       0       0       0
      Totals:         5       0       0       0       0       0       0       0       0       0       0       0       0       0       0       0       0       0       0       0       0       0       0       0       0       0       0       0       0       0       0       0       0
Total ram usage:        5 bytes
 Hardware stack levels used:    1
 Hardware stack levels required when called:    3
 This function calls:
		Nothing
 This function is called by:
		_send_answer
		_printnum
 This function uses a non-reentrant model


 *************** function ___lwdiv *****************
 Defined at:
		line 7 in file "C:\Program Files\Microchip\xc8\v2.20\pic\sources\c99\common\lwdiv.c"
 Parameters:    Size  Location     Type
  dividend        2   13[COMRAM] unsigned int 
  divisor         2   15[COMRAM] unsigned int 
 Auto vars:     Size  Location     Type
  quotient        2   18[COMRAM] unsigned int 
  counter         1   17[COMRAM] unsigned char 
 Return value:  Size  Location     Type
                  2   13[COMRAM] unsigned int 
 Registers used:
		wreg, status,2, status,0
 Tracked objects:
		On entry : 
		On exit  : 
		Unchanged: 
 Data sizes:     COMRAM   BANK0   BANK1   BANK2   BANK3   BANK4   BANK5   BANK6   BANK7   BANK8   BANK9  BANK10  BANK11  BANK12  BANK13  BANK14  BANK15  BANK16  BANK17  BANK18  BANK19  BANK20  BANK21  BANK22  BANK23  BANK24  BANK25  BANK26  BANK27  BANK28  BANK29  BANK30  BANK31
      Params:         4       0       0       0       0       0       0       0       0       0       0       0       0       0       0       0       0       0       0       0       0       0       0       0       0       0       0       0       0       0       0       0       0
      Locals:         3       0       0       0       0       0       0       0       0       0       0       0       0       0       0       0       0       0       0       0       0       0       0       0       0       0       0       0       0       0       0       0       0
      Temps:          0       0       0       0       0       0       0       0       0       0       0       0       0       0       0       0       0       0       0       0       0       0       0       0       0       0       0       0       0       0       0       0       0
      Totals:         7       0       0       0       0       0       0       0       0       0       0       0       0       0       0       0       0       0       0       0       0       0       0       0       0       0       0       0       0       0       0       0       0
Total ram usage:        7 bytes
 Hardware stack levels used:    1
 Hardware stack levels required when called:    3
 This function calls:
		Nothing
 This function is called by:
		_send_answer
		_printnum
 This function uses a non-reentrant model


 *************** function _delay_start *****************
 Defined at:
		line 79 in file "main.c"
 Parameters:    Size  Location     Type
  delay           2   21[COMRAM] PTR struct .
		 -> main@timeout(4), delay(4), 
  value           2   23[COMRAM] unsigned short 
 Auto vars:     Size  Location     Type
		None
 Return value:  Size  Location     Type
                  1    wreg      void 
 Registers used:
		wreg, fsr2l, fsr2h, status,2, status,0, cstack
 Tracked objects:
		On entry : 
		On exit  : 
		Unchanged: 
 Data sizes:     COMRAM   BANK0   BANK1   BANK2   BANK3   BANK4   BANK5   BANK6   BANK7   BANK8   BANK9  BANK10  BANK11  BANK12  BANK13  BANK14  BANK15  BANK16  BANK17  BANK18  BANK19  BANK20  BANK21  BANK22  BANK23  BANK24  BANK25  BANK26  BANK27  BANK28  BANK29  BANK30  BANK31
      Params:         4       0       0       0       0       0       0       0       0       0       0       0       0       0       0       0       0       0       0       0       0       0       0       0       0       0       0       0       0       0       0       0       0
      Locals:         0       0       0       0       0       0       0       0       0       0       0       0       0       0       0       0       0       0       0       0       0       0       0       0       0       0       0       0       0       0       0       0       0
      Temps:          0       0       0       0       0       0       0       0       0       0       0       0       0       0       0       0       0       0       0       0       0       0       0       0       0       0       0       0       0       0       0       0       0
      Totals:         4       0       0       0       0       0       0       0       0       0       0       0       0       0       0       0       0       0       0       0       0       0       0       0       0       0       0       0       0       0       0       0       0
Total ram usage:        4 bytes
 Hardware stack levels used:    1
 Hardware stack levels required when called:    4
 This function calls:
		_TMR0_ReadTimer
 This function is called by:
		_main
 This function uses a non-reentrant model


 *************** function _TMR0_ReadTimer *****************
 Defined at:
		line 100 in file "mcc_generated_files/tmr0.c"
 Parameters:    Size  Location     Type
		None
 Auto vars:     Size  Location     Type
  readVal         2   17[COMRAM] unsigned short 
  readValHigh     1   20[COMRAM] unsigned char 
  readValLow      1   19[COMRAM] unsigned char 
 Return value:  Size  Location     Type
                  2   13[COMRAM] unsigned short 
 Registers used:
		wreg, status,2
 Tracked objects:
		On entry : 
		On exit  : 
		Unchanged: 
 Data sizes:     COMRAM   BANK0   BANK1   BANK2   BANK3   BANK4   BANK5   BANK6   BANK7   BANK8   BANK9  BANK10  BANK11  BANK12  BANK13  BANK14  BANK15  BANK16  BANK17  BANK18  BANK19  BANK20  BANK21  BANK22  BANK23  BANK24  BANK25  BANK26  BANK27  BANK28  BANK29  BANK30  BANK31
      Params:         2       0       0       0       0       0       0       0       0       0       0       0       0       0       0       0       0       0       0       0       0       0       0       0       0       0       0       0       0       0       0       0       0
      Locals:         4       0       0       0       0       0       0       0       0       0       0       0       0       0       0       0       0       0       0       0       0       0       0       0       0       0       0       0       0       0       0       0       0
      Temps:          2       0       0       0       0       0       0       0       0       0       0       0       0       0       0       0       0       0       0       0       0       0       0       0       0       0       0       0       0       0       0       0       0
      Totals:         8       0       0       0       0       0       0       0       0       0       0       0       0       0       0       0       0       0       0       0       0       0       0       0       0       0       0       0       0       0       0       0       0
Total ram usage:        8 bytes
 Hardware stack levels used:    1
 Hardware stack levels required when called:    3
 This function calls:
		Nothing
 This function is called by:
		_delay_start
		_delay_is_expired
		_delay_restart
 This function uses a non-reentrant model


 *************** function _TMR0_StartTimer *****************
 Defined at:
		line 88 in file "mcc_generated_files/tmr0.c"
 Parameters:    Size  Location     Type
		None
 Auto vars:     Size  Location     Type
		None
 Return value:  Size  Location     Type
                  1    wreg      void 
 Registers used:
		None
 Tracked objects:
		On entry : 
		On exit  : 
		Unchanged: 
 Data sizes:     COMRAM   BANK0   BANK1   BANK2   BANK3   BANK4   BANK5   BANK6   BANK7   BANK8   BANK9  BANK10  BANK11  BANK12  BANK13  BANK14  BANK15  BANK16  BANK17  BANK18  BANK19  BANK20  BANK21  BANK22  BANK23  BANK24  BANK25  BANK26  BANK27  BANK28  BANK29  BANK30  BANK31
      Params:         0       0       0       0       0       0       0       0       0       0       0       0       0       0       0       0       0       0       0       0       0       0       0       0       0       0       0       0       0       0       0       0       0
      Locals:         0       0       0       0       0       0       0       0       0       0       0       0       0       0       0       0       0       0       0       0       0       0       0       0       0       0       0       0       0       0       0       0       0
      Temps:          0       0       0       0       0       0       0       0       0       0       0       0       0       0       0       0       0       0       0       0       0       0       0       0       0       0       0       0       0       0       0       0       0
      Totals:         0       0       0       0       0       0       0       0       0       0       0       0       0       0       0       0       0       0       0       0       0       0       0       0       0       0       0       0       0       0       0       0       0
Total ram usage:        0 bytes
 Hardware stack levels used:    1
 Hardware stack levels required when called:    3
 This function calls:
		Nothing
 This function is called by:
		_main
 This function uses a non-reentrant model


 *************** function _SYSTEM_Initialize *****************
 Defined at:
		line 50 in file "mcc_generated_files/mcc.c"
 Parameters:    Size  Location     Type
		None
 Auto vars:     Size  Location     Type
		None
 Return value:  Size  Location     Type
                  1    wreg      void 
 Registers used:
		wreg, status,2, status,0, cstack
 Tracked objects:
		On entry : 
		On exit  : 
		Unchanged: 
 Data sizes:     COMRAM   BANK0   BANK1   BANK2   BANK3   BANK4   BANK5   BANK6   BANK7   BANK8   BANK9  BANK10  BANK11  BANK12  BANK13  BANK14  BANK15  BANK16  BANK17  BANK18  BANK19  BANK20  BANK21  BANK22  BANK23  BANK24  BANK25  BANK26  BANK27  BANK28  BANK29  BANK30  BANK31
      Params:         0       0       0       0       0       0       0       0       0       0       0       0       0       0       0       0       0       0       0       0       0       0       0       0       0       0       0       0       0       0       0       0       0
      Locals:         0       0       0       0       0       0       0       0       0       0       0       0       0       0       0       0       0       0       0       0       0       0       0       0       0       0       0       0       0       0       0       0       0
      Temps:          0       0       0       0       0       0       0       0       0       0       0       0       0       0       0       0       0       0       0       0       0       0       0       0       0       0       0       0       0       0       0       0       0
      Totals:         0       0       0       0       0       0       0       0       0       0       0       0       0       0       0       0       0       0       0       0       0       0       0       0       0       0       0       0       0       0       0       0       0
Total ram usage:        0 bytes
 Hardware stack levels used:    1
 Hardware stack levels required when called:    4
 This function calls:
		_OSCILLATOR_Initialize
		_PIN_MANAGER_Initialize
		_PMD_Initialize
		_TMR0_Initialize
 This function is called by:
		_main
 This function uses a non-reentrant model


 *************** function _TMR0_Initialize *****************
 Defined at:
		line 65 in file "mcc_generated_files/tmr0.c"
 Parameters:    Size  Location     Type
		None
 Auto vars:     Size  Location     Type
		None
 Return value:  Size  Location     Type
                  1    wreg      void 
 Registers used:
		wreg, status,2, status,0
 Tracked objects:
		On entry : 
		On exit  : 
		Unchanged: 
 Data sizes:     COMRAM   BANK0   BANK1   BANK2   BANK3   BANK4   BANK5   BANK6   BANK7   BANK8   BANK9  BANK10  BANK11  BANK12  BANK13  BANK14  BANK15  BANK16  BANK17  BANK18  BANK19  BANK20  BANK21  BANK22  BANK23  BANK24  BANK25  BANK26  BANK27  BANK28  BANK29  BANK30  BANK31
      Params:         0       0       0       0       0       0       0       0       0       0       0       0       0       0       0       0       0       0       0       0       0       0       0       0       0       0       0       0       0       0       0       0       0
      Locals:         0       0       0       0       0       0       0       0       0       0       0       0       0       0       0       0       0       0       0       0       0       0       0       0       0       0       0       0       0       0       0       0       0
      Temps:          2       0       0       0       0       0       0       0       0       0       0       0       0       0       0       0       0       0       0       0       0       0       0       0       0       0       0       0       0       0       0       0       0
      Totals:         2       0       0       0       0       0       0       0       0       0       0       0       0       0       0       0       0       0       0       0       0       0       0       0       0       0       0       0       0       0       0       0       0
Total ram usage:        2 bytes
 Hardware stack levels used:    1
 Hardware stack levels required when called:    3
 This function calls:
		Nothing
 This function is called by:
		_SYSTEM_Initialize
 This function uses a non-reentrant model


 *************** function _PMD_Initialize *****************
 Defined at:
		line 72 in file "mcc_generated_files/mcc.c"
 Parameters:    Size  Location     Type
		None
 Auto vars:     Size  Location     Type
		None
 Return value:  Size  Location     Type
                  1    wreg      void 
 Registers used:
		wreg, status,2
 Tracked objects:
		On entry : 
		On exit  : 
		Unchanged: 
 Data sizes:     COMRAM   BANK0   BANK1   BANK2   BANK3   BANK4   BANK5   BANK6   BANK7   BANK8   BANK9  BANK10  BANK11  BANK12  BANK13  BANK14  BANK15  BANK16  BANK17  BANK18  BANK19  BANK20  BANK21  BANK22  BANK23  BANK24  BANK25  BANK26  BANK27  BANK28  BANK29  BANK30  BANK31
      Params:         0       0       0       0       0       0       0       0       0       0       0       0       0       0       0       0       0       0       0       0       0       0       0       0       0       0       0       0       0       0       0       0       0
      Locals:         0       0       0       0       0       0       0       0       0       0       0       0       0       0       0       0       0       0       0       0       0       0       0       0       0       0       0       0       0       0       0       0       0
      Temps:          0       0       0       0       0       0       0       0       0       0       0       0       0       0       0       0       0       0       0       0       0       0       0       0       0       0       0       0       0       0       0       0       0
      Totals:         0       0       0       0       0       0       0       0       0       0       0       0       0       0       0       0       0       0       0       0       0       0       0       0       0       0       0       0       0       0       0       0       0
Total ram usage:        0 bytes
 Hardware stack levels used:    1
 Hardware stack levels required when called:    3
 This function calls:
		Nothing
 This function is called by:
		_SYSTEM_Initialize
 This function uses a non-reentrant model


 *************** function _PIN_MANAGER_Initialize *****************
 Defined at:
		line 55 in file "mcc_generated_files/pin_manager.c"
 Parameters:    Size  Location     Type
		None
 Auto vars:     Size  Location     Type
		None
 Return value:  Size  Location     Type
                  1    wreg      void 
 Registers used:
		wreg, status,2
 Tracked objects:
		On entry : 
		On exit  : 
		Unchanged: 
 Data sizes:     COMRAM   BANK0   BANK1   BANK2   BANK3   BANK4   BANK5   BANK6   BANK7   BANK8   BANK9  BANK10  BANK11  BANK12  BANK13  BANK14  BANK15  BANK16  BANK17  BANK18  BANK19  BANK20  BANK21  BANK22  BANK23  BANK24  BANK25  BANK26  BANK27  BANK28  BANK29  BANK30  BANK31
      Params:         0       0       0       0       0       0       0       0       0       0       0       0       0       0       0       0       0       0       0       0       0       0       0       0       0       0       0       0       0       0       0       0       0
      Locals:         0       0       0       0       0       0       0       0       0       0       0       0       0       0       0       0       0       0       0       0       0       0       0       0       0       0       0       0       0       0       0       0       0
      Temps:          0       0       0       0       0       0       0       0       0       0       0       0       0       0       0       0       0       0       0       0       0       0       0       0       0       0       0       0       0       0       0       0       0
      Totals:         0       0       0       0       0       0       0       0       0       0       0       0       0       0       0       0       0       0       0       0       0       0       0       0       0       0       0       0       0       0       0       0       0
Total ram usage:        0 bytes
 Hardware stack levels used:    1
 Hardware stack levels required when called:    3
 This function calls:
		Nothing
 This function is called by:
		_SYSTEM_Initialize
 This function uses a non-reentrant model


 *************** function _OSCILLATOR_Initialize *****************
 Defined at:
		line 58 in file "mcc_generated_files/mcc.c"
 Parameters:    Size  Location     Type
		None
 Auto vars:     Size  Location     Type
		None
 Return value:  Size  Location     Type
                  1    wreg      void 
 Registers used:
		wreg, status,2
 Tracked objects:
		On entry : 
		On exit  : 
		Unchanged: 
 Data sizes:     COMRAM   BANK0   BANK1   BANK2   BANK3   BANK4   BANK5   BANK6   BANK7   BANK8   BANK9  BANK10  BANK11  BANK12  BANK13  BANK14  BANK15  BANK16  BANK17  BANK18  BANK19  BANK20  BANK21  BANK22  BANK23  BANK24  BANK25  BANK26  BANK27  BANK28  BANK29  BANK30  BANK31
      Params:         0       0       0       0       0       0       0       0       0       0       0       0       0       0       0       0       0       0       0       0       0       0       0       0       0       0       0       0       0       0       0       0       0
      Locals:         0       0       0       0       0       0       0       0       0       0       0       0       0       0       0       0       0       0       0       0       0       0       0       0       0       0       0       0       0       0       0       0       0
      Temps:          0       0       0       0       0       0       0       0       0       0       0       0       0       0       0       0       0       0       0       0       0       0       0       0       0       0       0       0       0       0       0       0       0
      Totals:         0       0       0       0       0       0       0       0       0       0       0       0       0       0       0       0       0       0       0       0       0       0       0       0       0       0       0       0       0       0       0       0       0
Total ram usage:        0 bytes
 Hardware stack levels used:    1
 Hardware stack levels required when called:    3
 This function calls:
		Nothing
 This function is called by:
		_SYSTEM_Initialize
 This function uses a non-reentrant model


 *************** function _U1RX_ISR *****************
 Defined at:
		line 212 in file "main.c"
 Parameters:    Size  Location     Type
		None
 Auto vars:     Size  Location     Type
  znak            1   12[COMRAM] unsigned char 
 Return value:  Size  Location     Type
                  1    wreg      void 
 Registers used:
		wreg, fsr2l, fsr2h, status,2, status,0, cstack
 Tracked objects:
		On entry : 
		On exit  : 
		Unchanged: 
 Data sizes:     COMRAM   BANK0   BANK1   BANK2   BANK3   BANK4   BANK5   BANK6   BANK7   BANK8   BANK9  BANK10  BANK11  BANK12  BANK13  BANK14  BANK15  BANK16  BANK17  BANK18  BANK19  BANK20  BANK21  BANK22  BANK23  BANK24  BANK25  BANK26  BANK27  BANK28  BANK29  BANK30  BANK31
      Params:         0       0       0       0       0       0       0       0       0       0       0       0       0       0       0       0       0       0       0       0       0       0       0       0       0       0       0       0       0       0       0       0       0
      Locals:         1       0       0       0       0       0       0       0       0       0       0       0       0       0       0       0       0       0       0       0       0       0       0       0       0       0       0       0       0       0       0       0       0
      Temps:          0       0       0       0       0       0       0       0       0       0       0       0       0       0       0       0       0       0       0       0       0       0       0       0       0       0       0       0       0       0       0       0       0
      Totals:         1       0       0       0       0       0       0       0       0       0       0       0       0       0       0       0       0       0       0       0       0       0       0       0       0       0       0       0       0       0       0       0       0
Total ram usage:        1 bytes
 Hardware stack levels used:    1
 Hardware stack levels required when called:    2
 This function calls:
		_state_rx_byte
		i2_delay_start
 This function is called by:
		Interrupt level 2
 This function uses a non-reentrant model


 *************** function i2_delay_start *****************
 Defined at:
		line 79 in file "main.c"
 Parameters:    Size  Location     Type
  delay           2    8[COMRAM] PTR struct .
		 -> main@timeout(4), delay(4), 
  value           2   10[COMRAM] unsigned short 
 Auto vars:     Size  Location     Type
		None
 Return value:  Size  Location     Type
                  1    wreg      void 
 Registers used:
		wreg, fsr2l, fsr2h, status,2, status,0, cstack
 Tracked objects:
		On entry : 
		On exit  : 
		Unchanged: 
 Data sizes:     COMRAM   BANK0   BANK1   BANK2   BANK3   BANK4   BANK5   BANK6   BANK7   BANK8   BANK9  BANK10  BANK11  BANK12  BANK13  BANK14  BANK15  BANK16  BANK17  BANK18  BANK19  BANK20  BANK21  BANK22  BANK23  BANK24  BANK25  BANK26  BANK27  BANK28  BANK29  BANK30  BANK31
      Params:         4       0       0       0       0       0       0       0       0       0       0       0       0       0       0       0       0       0       0       0       0       0       0       0       0       0       0       0       0       0       0       0       0
      Locals:         0       0       0       0       0       0       0       0       0       0       0       0       0       0       0       0       0       0       0       0       0       0       0       0       0       0       0       0       0       0       0       0       0
      Temps:          0       0       0       0       0       0       0       0       0       0       0       0       0       0       0       0       0       0       0       0       0       0       0       0       0       0       0       0       0       0       0       0       0
      Totals:         4       0       0       0       0       0       0       0       0       0       0       0       0       0       0       0       0       0       0       0       0       0       0       0       0       0       0       0       0       0       0       0       0
Total ram usage:        4 bytes
 Hardware stack levels used:    1
 Hardware stack levels required when called:    1
 This function calls:
		i2_TMR0_ReadTimer
 This function is called by:
		_U1RX_ISR
 This function uses a non-reentrant model


 *************** function i2_TMR0_ReadTimer *****************
 Defined at:
		line 100 in file "mcc_generated_files/tmr0.c"
 Parameters:    Size  Location     Type
		None
 Auto vars:     Size  Location     Type
  readVal         2    4[COMRAM] unsigned short 
  readValHigh     1    7[COMRAM] unsigned char 
  readValLow      1    6[COMRAM] unsigned char 
 Return value:  Size  Location     Type
                  2    0[COMRAM] unsigned short 
 Registers used:
		wreg, status,2
 Tracked objects:
		On entry : 
		On exit  : 
		Unchanged: 
 Data sizes:     COMRAM   BANK0   BANK1   BANK2   BANK3   BANK4   BANK5   BANK6   BANK7   BANK8   BANK9  BANK10  BANK11  BANK12  BANK13  BANK14  BANK15  BANK16  BANK17  BANK18  BANK19  BANK20  BANK21  BANK22  BANK23  BANK24  BANK25  BANK26  BANK27  BANK28  BANK29  BANK30  BANK31
      Params:         2       0       0       0       0       0       0       0       0       0       0       0       0       0       0       0       0       0       0       0       0       0       0       0       0       0       0       0       0       0       0       0       0
      Locals:         4       0       0       0       0       0       0       0       0       0       0       0       0       0       0       0       0       0       0       0       0       0       0       0       0       0       0       0       0       0       0       0       0
      Temps:          2       0       0       0       0       0       0       0       0       0       0       0       0       0       0       0       0       0       0       0       0       0       0       0       0       0       0       0       0       0       0       0       0
      Totals:         8       0       0       0       0       0       0       0       0       0       0       0       0       0       0       0       0       0       0       0       0       0       0       0       0       0       0       0       0       0       0       0       0
Total ram usage:        8 bytes
 Hardware stack levels used:    1
 This function calls:
		Nothing
 This function is called by:
		i2_delay_start
 This function uses a non-reentrant model


 *************** function _state_rx_byte *****************
 Defined at:
		line 5 in file "state_machine.c"
 Parameters:    Size  Location     Type
  st              2    0[COMRAM] PTR volatile struct stat
		 -> rx_state(10), 
  ch              1    2[COMRAM] unsigned char 
 Auto vars:     Size  Location     Type
		None
 Return value:  Size  Location     Type
                  1    wreg      void 
 Registers used:
		wreg, fsr2l, fsr2h, status,2, status,0
 Tracked objects:
		On entry : 
		On exit  : 
		Unchanged: 
 Data sizes:     COMRAM   BANK0   BANK1   BANK2   BANK3   BANK4   BANK5   BANK6   BANK7   BANK8   BANK9  BANK10  BANK11  BANK12  BANK13  BANK14  BANK15  BANK16  BANK17  BANK18  BANK19  BANK20  BANK21  BANK22  BANK23  BANK24  BANK25  BANK26  BANK27  BANK28  BANK29  BANK30  BANK31
      Params:         3       0       0       0       0       0       0       0       0       0       0       0       0       0       0       0       0       0       0       0       0       0       0       0       0       0       0       0       0       0       0       0       0
      Locals:         0       0       0       0       0       0       0       0       0       0       0       0       0       0       0       0       0       0       0       0       0       0       0       0       0       0       0       0       0       0       0       0       0
      Temps:          1       0       0       0       0       0       0       0       0       0       0       0       0       0       0       0       0       0       0       0       0       0       0       0       0       0       0       0       0       0       0       0       0
      Totals:         4       0       0       0       0       0       0       0       0       0       0       0       0       0       0       0       0       0       0       0       0       0       0       0       0       0       0       0       0       0       0       0       0
Total ram usage:        4 bytes
 Hardware stack levels used:    1
 This function calls:
		Nothing
 This function is called by:
		_U1RX_ISR
 This function uses a non-reentrant model



MODULE INFORMATION

Module		Function		Class		Link	Load	Size
state_machine.c
		_state_is_frame_ready		CODE           	2818	0000	33
		_state_reset   		CODE           	24EC	0000	101
		_state_rx_byte 		CODE           	201E	0000	417

state_machine.c estimated size: 551

mcc_generated_files/tmr0.c
		_TMR0_StartTimer		CODE           	2884	0000	5
		_TMR0_ReadTimer		CODE           	27D4	0000	35
		_TMR0_Initialize		CODE           	2756	0000	45

mcc_generated_files/tmr0.c estimated size: 85

mcc_generated_files/pin_manager.c
		_PIN_MANAGER_Initialize		CODE           	2610	0000	89

mcc_generated_files/pin_manager.c estimated size: 89

C:\Program Files\Microchip\xc8\v2.20\pic\sources\c99\common\lwmod.c
		___lwmod       		CODE           	2550	0000	101

C:\Program Files\Microchip\xc8\v2.20\pic\sources\c99\common\lwmod.c estimated size: 101

shared
		i2_delay_start 		CODE           	2720	0000	55
		i2_TMR0_ReadTimer		CODE           	27F6	0000	35
		_handlers      		SMALLCONST     	2001	0000	21
		__initialization		CODE           	2668	0000	71

shared estimated size: 182

mcc_generated_files/mcc.c
		_PMD_Initialize		CODE           	27B0	0000	37
		_OSCILLATOR_Initialize		CODE           	2856	0000	25
		_SYSTEM_Initialize		CODE           	286E	0000	19

mcc_generated_files/mcc.c estimated size: 81

C:\Program Files\Microchip\xc8\v2.20\pic\sources\c99\common\lwdiv.c
		___lwdiv       		CODE           	2478	0000	117

C:\Program Files\Microchip\xc8\v2.20\pic\sources\c99\common\lwdiv.c estimated size: 117

main.c
		_delay_is_expired		CODE           	25B4	0000	93
		_prints        		CODE           	23DA	0000	159
		_send_answer   		CODE           	21BE	0000	285
		_main          		CODE           	22DA	0000	257
		_U1RX_ISR      		CODE           	2784	0000	45
		_get_digit     		CODE           	26B4	0000	55
		_send_request  		CODE           	2838	0000	31
		_delay_start   		CODE           	26EA	0000	55

main.c estimated size: 980

